../Core/Src/stm32h7xx_it.c:83:6:NMI_Handler	4	static
../Core/Src/stm32h7xx_it.c:98:6:HardFault_Handler	4	static
../Core/Src/stm32h7xx_it.c:113:6:MemManage_Handler	4	static
../Core/Src/stm32h7xx_it.c:128:6:BusFault_Handler	4	static
../Core/Src/stm32h7xx_it.c:143:6:UsageFault_Handler	4	static
../Core/Src/stm32h7xx_it.c:158:6:DebugMon_Handler	4	static
../Core/Src/stm32h7xx_it.c:176:6:DMA1_Stream0_IRQHandler	8	static
../Core/Src/stm32h7xx_it.c:190:6:DMA1_Stream1_IRQHandler	8	static
../Core/Src/stm32h7xx_it.c:205:6:DMA1_Stream2_IRQHandler	8	static
../Core/Src/stm32h7xx_it.c:219:6:DMA1_Stream3_IRQHandler	8	static
../Core/Src/stm32h7xx_it.c:233:6:USART1_IRQHandler	8	static
../Core/Src/stm32h7xx_it.c:248:6:UART4_IRQHandler	16	static
../Core/Src/stm32h7xx_it.c:265:6:TIM6_DAC_IRQHandler	8	static
../Core/Src/stm32h7xx_it.c:279:6:ETH_IRQHandler	8	static
